<html>
<body>
<pre>
<h1>礦ision Build Log</h1>
<h2>Project:</h2>
D:\硬件项目\项目\e64 MINI版\Project\onenetdemo.uvproj
Project File Date:  04/18/2017

<h2>Output:</h2>
Build target 'OneNET_Demo_ESP8266_EDP_Led'
compiling main.c...
..\User\main.c(47): warning:  #167-D: argument of type "char *" is incompatible with parameter of type "uint8_t *"
        usart1_write(USART1,test,strlen(test));
..\User\main.c: 1 warning, 0 errors
linking...
Program Size: Code=5104 RO-data=284 RW-data=56 ZI-data=2304  
"..\object\onenetdemo.axf" - 0 Error(s), 1 Warning(s).
Load "..\\object\\onenetdemo.axf" 
Full Chip Erase Done.
Programming Done.
Verify OK.
Application running ...
</pre>
</body>
</html>
mo.axf" 
Full Chip Erase Done.
Programming Done.
Verify OK.
Application running ...
 Done.
Verify OK.
Application running ...
 argument of type "char *" is incompatible with parameter of type "uint8_t *"
        usart1_write(USART1,count,strlen(count));
..\User\main.c: 1 warning, 0 errors
"..\User\main.c" - 0 Error(s), 1 Warning(s).
ize: Code=5104 RO-data=284 RW-data=56 ZI-data=2304  
"..\object\onenetdemo.axf" - 0 Error(s), 2 Warning(s).
Load "..\\object\\onenetdemo.axf" 
Full Chip Erase Done.
Programming Done.
Verify OK.
Application running ...
